[2024-02-16T13:50:22.794+0000][gc,init] CardTable entry size: 512
[2024-02-16T13:50:22.794+0000][gc     ] Using G1
[2024-02-16T13:50:22.806+0000][gc,init] Version: 21.0.2+13-LTS (release)
[2024-02-16T13:50:22.806+0000][gc,init] CPUs: 2 total, 2 available
[2024-02-16T13:50:22.806+0000][gc,init] Memory: 7929M
[2024-02-16T13:50:22.806+0000][gc,init] Large Page Support: Disabled
[2024-02-16T13:50:22.806+0000][gc,init] NUMA Support: Disabled
[2024-02-16T13:50:22.806+0000][gc,init] Compressed Oops: Enabled (32-bit)
[2024-02-16T13:50:22.806+0000][gc,init] Heap Region Size: 1M
[2024-02-16T13:50:22.806+0000][gc,init] Heap Min Capacity: 1G
[2024-02-16T13:50:22.806+0000][gc,init] Heap Initial Capacity: 1G
[2024-02-16T13:50:22.806+0000][gc,init] Heap Max Capacity: 1G
[2024-02-16T13:50:22.806+0000][gc,init] Pre-touch: Disabled
[2024-02-16T13:50:22.806+0000][gc,init] Parallel Workers: 2
[2024-02-16T13:50:22.806+0000][gc,init] Concurrent Workers: 1
[2024-02-16T13:50:22.806+0000][gc,init] Concurrent Refinement Workers: 2
[2024-02-16T13:50:22.806+0000][gc,init] Periodic GC: Disabled
[2024-02-16T13:50:22.813+0000][gc,metaspace] CDS archive(s) mapped at: [0x00007f990b000000-0x00007f990bca6000-0x00007f990bca6000), size 13262848, SharedBaseAddress: 0x00007f990b000000, ArchiveRelocationMode: 1.
[2024-02-16T13:50:22.813+0000][gc,metaspace] Compressed class space mapped at: 0x00007f990c000000-0x00007f994c000000, reserved size: 1073741824
[2024-02-16T13:50:22.813+0000][gc,metaspace] Narrow klass base: 0x00007f990b000000, Narrow klass shift: 0, Narrow klass range: 0x100000000
[2024-02-16T13:50:24.570+0000][gc,start    ] GC(0) Pause Young (Normal) (G1 Evacuation Pause)
[2024-02-16T13:50:24.571+0000][gc,task     ] GC(0) Using 2 workers of 2 for evacuation
[2024-02-16T13:50:24.580+0000][gc,phases   ] GC(0)   Pre Evacuate Collection Set: 0.2ms
[2024-02-16T13:50:24.580+0000][gc,phases   ] GC(0)   Merge Heap Roots: 0.1ms
[2024-02-16T13:50:24.580+0000][gc,phases   ] GC(0)   Evacuate Collection Set: 7.9ms
[2024-02-16T13:50:24.580+0000][gc,phases   ] GC(0)   Post Evacuate Collection Set: 0.7ms
[2024-02-16T13:50:24.580+0000][gc,phases   ] GC(0)   Other: 0.2ms
[2024-02-16T13:50:24.580+0000][gc,heap     ] GC(0) Eden regions: 51->0(44)
[2024-02-16T13:50:24.580+0000][gc,heap     ] GC(0) Survivor regions: 0->7(7)
[2024-02-16T13:50:24.580+0000][gc,heap     ] GC(0) Old regions: 2->2
[2024-02-16T13:50:24.580+0000][gc,heap     ] GC(0) Humongous regions: 0->0
[2024-02-16T13:50:24.580+0000][gc,metaspace] GC(0) Metaspace: 19806K(20096K)->19806K(20096K) NonClass: 17257K(17408K)->17257K(17408K) Class: 2549K(2688K)->2549K(2688K)
[2024-02-16T13:50:24.580+0000][gc          ] GC(0) Pause Young (Normal) (G1 Evacuation Pause) 52M->8M(1024M) 9.390ms
[2024-02-16T13:50:24.580+0000][gc,cpu      ] GC(0) User=0.02s Sys=0.00s Real=0.00s
[2024-02-16T13:50:24.732+0000][gc,start    ] GC(1) Pause Young (Concurrent Start) (Metadata GC Threshold)
[2024-02-16T13:50:24.732+0000][gc,task     ] GC(1) Using 2 workers of 2 for evacuation
[2024-02-16T13:50:24.740+0000][gc,phases   ] GC(1)   Pre Evacuate Collection Set: 0.1ms
[2024-02-16T13:50:24.740+0000][gc,phases   ] GC(1)   Merge Heap Roots: 0.0ms
[2024-02-16T13:50:24.740+0000][gc,phases   ] GC(1)   Evacuate Collection Set: 8.0ms
[2024-02-16T13:50:24.740+0000][gc,phases   ] GC(1)   Post Evacuate Collection Set: 0.3ms
[2024-02-16T13:50:24.740+0000][gc,phases   ] GC(1)   Other: 0.1ms
[2024-02-16T13:50:24.740+0000][gc,heap     ] GC(1) Eden regions: 6->0(49)
[2024-02-16T13:50:24.740+0000][gc,heap     ] GC(1) Survivor regions: 7->2(7)
[2024-02-16T13:50:24.740+0000][gc,heap     ] GC(1) Old regions: 2->9
[2024-02-16T13:50:24.740+0000][gc,heap     ] GC(1) Humongous regions: 129->129
[2024-02-16T13:50:24.740+0000][gc,metaspace] GC(1) Metaspace: 21235K(21504K)->21235K(21504K) NonClass: 18486K(18624K)->18486K(18624K) Class: 2749K(2880K)->2749K(2880K)
[2024-02-16T13:50:24.740+0000][gc          ] GC(1) Pause Young (Concurrent Start) (Metadata GC Threshold) 142M->138M(1024M) 8.819ms
[2024-02-16T13:50:24.741+0000][gc,cpu      ] GC(1) User=0.01s Sys=0.00s Real=0.00s
[2024-02-16T13:50:24.741+0000][gc          ] GC(2) Concurrent Mark Cycle
[2024-02-16T13:50:24.741+0000][gc,marking  ] GC(2) Concurrent Scan Root Regions
[2024-02-16T13:50:24.745+0000][gc,marking  ] GC(2) Concurrent Scan Root Regions 4.104ms
[2024-02-16T13:50:24.745+0000][gc,marking  ] GC(2) Concurrent Mark
[2024-02-16T13:50:24.745+0000][gc,marking  ] GC(2) Concurrent Mark From Roots
[2024-02-16T13:50:24.745+0000][gc,task     ] GC(2) Using 1 workers of 1 for marking
[2024-02-16T13:50:24.747+0000][gc,marking  ] GC(2) Concurrent Mark From Roots 2.228ms
[2024-02-16T13:50:24.747+0000][gc,marking  ] GC(2) Concurrent Preclean
[2024-02-16T13:50:24.747+0000][gc,marking  ] GC(2) Concurrent Preclean 0.029ms
[2024-02-16T13:50:24.747+0000][gc,start    ] GC(2) Pause Remark
[2024-02-16T13:50:24.750+0000][gc          ] GC(2) Pause Remark 138M->138M(1024M) 3.060ms
[2024-02-16T13:50:24.750+0000][gc,cpu      ] GC(2) User=0.00s Sys=0.00s Real=0.01s
[2024-02-16T13:50:24.750+0000][gc,marking  ] GC(2) Concurrent Mark 5.600ms
[2024-02-16T13:50:24.750+0000][gc,marking  ] GC(2) Concurrent Rebuild Remembered Sets and Scrub Regions
[2024-02-16T13:50:24.757+0000][gc,marking  ] GC(2) Concurrent Rebuild Remembered Sets and Scrub Regions 6.280ms
[2024-02-16T13:50:24.757+0000][gc,start    ] GC(2) Pause Cleanup
[2024-02-16T13:50:24.757+0000][gc          ] GC(2) Pause Cleanup 139M->139M(1024M) 0.134ms
[2024-02-16T13:50:24.757+0000][gc,cpu      ] GC(2) User=0.00s Sys=0.00s Real=0.00s
[2024-02-16T13:50:24.757+0000][gc,marking  ] GC(2) Concurrent Clear Claimed Marks
[2024-02-16T13:50:24.757+0000][gc,marking  ] GC(2) Concurrent Clear Claimed Marks 0.047ms
[2024-02-16T13:50:24.757+0000][gc,marking  ] GC(2) Concurrent Cleanup for Next Mark
[2024-02-16T13:50:24.767+0000][gc,marking  ] GC(2) Concurrent Cleanup for Next Mark 9.834ms
[2024-02-16T13:50:24.767+0000][gc          ] GC(2) Concurrent Mark Cycle 26.596ms
[2024-02-16T13:51:08.173+0000][gc,start    ] GC(3) Pause Young (Prepare Mixed) (G1 Evacuation Pause)
[2024-02-16T13:51:08.173+0000][gc,task     ] GC(3) Using 2 workers of 2 for evacuation
[2024-02-16T13:51:08.180+0000][gc,phases   ] GC(3)   Pre Evacuate Collection Set: 0.1ms
[2024-02-16T13:51:08.180+0000][gc,phases   ] GC(3)   Merge Heap Roots: 0.0ms
[2024-02-16T13:51:08.180+0000][gc,phases   ] GC(3)   Evacuate Collection Set: 6.5ms
[2024-02-16T13:51:08.180+0000][gc,phases   ] GC(3)   Post Evacuate Collection Set: 0.5ms
[2024-02-16T13:51:08.180+0000][gc,phases   ] GC(3)   Other: 0.1ms
[2024-02-16T13:51:08.180+0000][gc,heap     ] GC(3) Eden regions: 49->0(45)
[2024-02-16T13:51:08.180+0000][gc,heap     ] GC(3) Survivor regions: 2->6(7)
[2024-02-16T13:51:08.180+0000][gc,heap     ] GC(3) Old regions: 9->9
[2024-02-16T13:51:08.180+0000][gc,heap     ] GC(3) Humongous regions: 129->129
[2024-02-16T13:51:08.180+0000][gc,metaspace] GC(3) Metaspace: 33741K(34048K)->33741K(34048K) NonClass: 29768K(29952K)->29768K(29952K) Class: 3972K(4096K)->3972K(4096K)
[2024-02-16T13:51:08.180+0000][gc          ] GC(3) Pause Young (Prepare Mixed) (G1 Evacuation Pause) 187M->142M(1024M) 7.495ms
[2024-02-16T13:51:08.180+0000][gc,cpu      ] GC(3) User=0.02s Sys=0.00s Real=0.00s
[2024-02-16T13:59:23.278+0000][gc,start    ] GC(4) Pause Young (Mixed) (Metadata GC Threshold)
[2024-02-16T13:59:23.278+0000][gc,task     ] GC(4) Using 2 workers of 2 for evacuation
[2024-02-16T13:59:23.285+0000][gc,phases   ] GC(4)   Pre Evacuate Collection Set: 0.2ms
[2024-02-16T13:59:23.285+0000][gc,phases   ] GC(4)   Merge Heap Roots: 0.1ms
[2024-02-16T13:59:23.285+0000][gc,phases   ] GC(4)   Evacuate Collection Set: 5.7ms
[2024-02-16T13:59:23.285+0000][gc,phases   ] GC(4)   Post Evacuate Collection Set: 0.4ms
[2024-02-16T13:59:23.285+0000][gc,phases   ] GC(4)   Other: 0.1ms
[2024-02-16T13:59:23.285+0000][gc,heap     ] GC(4) Eden regions: 16->0(50)
[2024-02-16T13:59:23.285+0000][gc,heap     ] GC(4) Survivor regions: 6->1(7)
[2024-02-16T13:59:23.285+0000][gc,heap     ] GC(4) Old regions: 9->14
[2024-02-16T13:59:23.285+0000][gc,heap     ] GC(4) Humongous regions: 129->129
[2024-02-16T13:59:23.285+0000][gc,metaspace] GC(4) Metaspace: 35683K(36096K)->35683K(36096K) NonClass: 31451K(31680K)->31451K(31680K) Class: 4231K(4416K)->4231K(4416K)
[2024-02-16T13:59:23.285+0000][gc          ] GC(4) Pause Young (Mixed) (Metadata GC Threshold) 157M->143M(1024M) 6.782ms
[2024-02-16T13:59:23.285+0000][gc,cpu      ] GC(4) User=0.01s Sys=0.00s Real=0.01s
[2024-02-16T14:03:57.057+0000][gc,start    ] GC(5) Pause Young (Concurrent Start) (Metadata GC Threshold)
[2024-02-16T14:03:57.065+0000][gc,task     ] GC(5) Using 2 workers of 2 for evacuation
[2024-02-16T14:03:57.067+0000][gc,phases   ] GC(5)   Pre Evacuate Collection Set: 0.2ms
[2024-02-16T14:03:57.067+0000][gc,phases   ] GC(5)   Merge Heap Roots: 0.0ms
[2024-02-16T14:03:57.067+0000][gc,phases   ] GC(5)   Evacuate Collection Set: 1.9ms
[2024-02-16T14:03:57.067+0000][gc,phases   ] GC(5)   Post Evacuate Collection Set: 0.3ms
[2024-02-16T14:03:57.067+0000][gc,phases   ] GC(5)   Other: 0.1ms
[2024-02-16T14:03:57.067+0000][gc,heap     ] GC(5) Eden regions: 7->0(50)
[2024-02-16T14:03:57.067+0000][gc,heap     ] GC(5) Survivor regions: 1->1(7)
[2024-02-16T14:03:57.067+0000][gc,heap     ] GC(5) Old regions: 14->14
[2024-02-16T14:03:57.067+0000][gc,heap     ] GC(5) Humongous regions: 129->129
[2024-02-16T14:03:57.067+0000][gc,metaspace] GC(5) Metaspace: 36055K(36416K)->36055K(36416K) NonClass: 31786K(32000K)->31786K(32000K) Class: 4268K(4416K)->4268K(4416K)
[2024-02-16T14:03:57.067+0000][gc          ] GC(5) Pause Young (Concurrent Start) (Metadata GC Threshold) 149M->142M(1024M) 10.436ms
[2024-02-16T14:03:57.067+0000][gc,cpu      ] GC(5) User=0.01s Sys=0.00s Real=0.01s
[2024-02-16T14:03:57.067+0000][gc          ] GC(6) Concurrent Mark Cycle
[2024-02-16T14:03:57.067+0000][gc,marking  ] GC(6) Concurrent Scan Root Regions
[2024-02-16T14:03:57.068+0000][gc,marking  ] GC(6) Concurrent Scan Root Regions 0.748ms
[2024-02-16T14:03:57.068+0000][gc,marking  ] GC(6) Concurrent Mark
[2024-02-16T14:03:57.068+0000][gc,marking  ] GC(6) Concurrent Mark From Roots
[2024-02-16T14:03:57.068+0000][gc,task     ] GC(6) Using 1 workers of 1 for marking
[2024-02-16T14:03:57.092+0000][gc,marking  ] GC(6) Concurrent Mark From Roots 23.642ms
[2024-02-16T14:03:57.092+0000][gc,marking  ] GC(6) Concurrent Preclean
[2024-02-16T14:03:57.092+0000][gc,marking  ] GC(6) Concurrent Preclean 0.180ms
[2024-02-16T14:03:57.092+0000][gc,start    ] GC(6) Pause Remark
[2024-02-16T14:03:57.101+0000][gc          ] GC(6) Pause Remark 143M->143M(1024M) 8.240ms
[2024-02-16T14:03:57.101+0000][gc,cpu      ] GC(6) User=0.02s Sys=0.00s Real=0.00s
[2024-02-16T14:03:57.101+0000][gc,marking  ] GC(6) Concurrent Mark 32.520ms
[2024-02-16T14:03:57.101+0000][gc,marking  ] GC(6) Concurrent Rebuild Remembered Sets and Scrub Regions
[2024-02-16T14:03:57.110+0000][gc,marking  ] GC(6) Concurrent Rebuild Remembered Sets and Scrub Regions 9.576ms
[2024-02-16T14:03:57.111+0000][gc,start    ] GC(6) Pause Cleanup
[2024-02-16T14:03:57.111+0000][gc          ] GC(6) Pause Cleanup 143M->143M(1024M) 0.239ms
[2024-02-16T14:03:57.111+0000][gc,cpu      ] GC(6) User=0.00s Sys=0.00s Real=0.00s
[2024-02-16T14:03:57.111+0000][gc,marking  ] GC(6) Concurrent Clear Claimed Marks
[2024-02-16T14:03:57.111+0000][gc,marking  ] GC(6) Concurrent Clear Claimed Marks 0.043ms
[2024-02-16T14:03:57.111+0000][gc,marking  ] GC(6) Concurrent Cleanup for Next Mark
[2024-02-16T14:03:57.113+0000][gc,marking  ] GC(6) Concurrent Cleanup for Next Mark 2.246ms
[2024-02-16T14:03:57.113+0000][gc          ] GC(6) Concurrent Mark Cycle 45.894ms
